0=ganz oben
1=ganz oben
2=ganz oben
3=ganz oben
4=ganz oben
5=ganz oben
6=ganz oben
7=ganz oben
8=ganz oben
9=ganz oben
10=fast ganz oben
11=fast ganz oben
12=fast ganz oben
13=fast ganz oben
14=fast ganz oben
15=fast ganz oben
16=fast ganz oben
17=fast ganz oben
18=fast ganz oben
19=fast ganz oben
20=fast ganz oben
21=fast ganz oben
22=fast ganz oben
23=fast ganz oben
24=fast ganz oben
25=fast ganz oben
26=fast ganz oben
27=fast ganz oben
28=fast ganz oben
29=fast ganz oben
30=fast ganz oben
31=fast ganz oben
32=fast ganz oben
33=fast ganz oben
34=fast ganz oben
35=fast ganz oben
36=fast ganz oben
37=fast ganz oben
38=fast ganz oben
39=fast ganz oben
40=halb oben
41=halb oben
42=halb oben
43=halb oben
44=halb oben
45=halb oben
46=halb oben
47=halb oben
48=halb oben
49=halb oben
50=halb oben
51=halb oben
52=halb oben
53=halb oben
54=halb oben
55=halb oben
56=halb oben
57=halb oben
58=halb oben
59=halb oben
60=halb oben
61=halb oben
62=halb oben
63=halb oben
64=halb oben
65=halb oben
66=halb oben
67=halb oben
68=halb oben
69=halb oben
70=etwas oben
71=etwas oben
72=etwas oben
73=etwas oben
74=etwas oben
75=etwas oben
76=etwas oben
77=etwas oben
78=etwas oben
79=etwas oben
80=etwas oben
81=etwas oben
82=etwas oben
83=etwas oben
84=etwas oben
85=etwas oben
86=etwas oben
87=etwas oben
88=etwas oben
89=etwas oben
90=fast unten
91=fast unten
92=fast unten
93=fast unten
94=fast unten
95=fast unten
96=fast unten
97=fast unten
98=fast unten
99=fast unten
100=ganz unten
NULL=unbekannt
-=unbekannt
