0=ganz offen
1=ganz offen
2=ganz offen
3=ganz offen
4=ganz offen
5=ganz offen
6=ganz offen
7=ganz offen
8=ganz offen
9=ganz offen
10=fast ganz offen
11=fast ganz offen
12=fast ganz offen
13=fast ganz offen
14=fast ganz offen
15=fast ganz offen
16=fast ganz offen
17=fast ganz offen
18=fast ganz offen
19=fast ganz offen
20=fast ganz offen
21=fast ganz offen
22=fast ganz offen
23=fast ganz offen
24=fast ganz offen
25=fast ganz offen
26=fast ganz offen
27=fast ganz offen
28=fast ganz offen
29=fast ganz offen
30=fast ganz offen
31=fast ganz offen
32=fast ganz offen
33=fast ganz offen
34=fast ganz offen
35=fast ganz offen
36=fast ganz offen
37=fast ganz offen
38=fast ganz offen
39=fast ganz offen
40=halb offen
41=halb offen
42=halb offen
43=halb offen
44=halb offen
45=halb offen
46=halb offen
47=halb offen
48=halb offen
49=halb offen
50=halb offen
51=halb offen
52=halb offen
53=halb offen
54=halb offen
55=halb offen
56=halb offen
57=halb offen
58=halb offen
59=halb offen
60=halb offen
61=halb offen
62=halb offen
63=halb offen
64=halb offen
65=halb offen
66=halb offen
67=halb offen
68=halb offen
69=halb offen
70=etwas offen
71=etwas offen
72=etwas offen
73=etwas offen
74=etwas offen
75=etwas offen
76=etwas offen
77=etwas offen
78=etwas offen
79=etwas offen
80=etwas offen
81=etwas offen
82=etwas offen
83=etwas offen
84=etwas offen
85=etwas offen
86=etwas offen
87=etwas offen
88=etwas offen
89=etwas offen
90=fast zu
91=fast zu
92=fast zu
93=fast zu
94=fast zu
95=fast zu
96=fast zu
97=fast zu
98=fast zu
99=fast zu
100=ganz zu
NULL=unbekannt
-=unbekannt
